// Jest Snapshot v1, https://goo.gl/fbAQLP

exports[`App Renders Correctly 1`] = `
Array [
  <header>
    <h1>
      Math Magician
    </h1>
    <nav
      className="nav"
    >
      <ul>
        <li>
          <a
            href="/"
            onClick={[Function]}
          >
            Home
          </a>
        </li>
        <li>
          <p>
            |
          </p>
        </li>
        <li>
          <a
            href="/calculator"
            onClick={[Function]}
          >
            Calculator
          </a>
        </li>
        <li>
          <p>
            |
          </p>
        </li>
        <li>
          <a
            href="/quote"
            onClick={[Function]}
          >
            Quote
          </a>
        </li>
      </ul>
    </nav>
  </header>,
  <section
    className="home"
  >
    <h1>
      Welcome to Mathmagician
    </h1>
    <p>
      Id enim mollit ipsum nostrud. Dolor ipsum quis laborum quis amet adipisicing dolore excepteur do elit excepteur ea. Magna occaecat consequat anim aliquip Lorem dolore non sunt dolore. Nulla incididunt ex aute reprehenderit nisi consectetur nostrud.
    </p>
    <p>
      Commodo velit Lorem voluptate commodo nulla nulla adipisicing nulla exercitation ea. Do officia fugiat tempor ullamco exercitation nulla dolor excepteur labore in elit nostrud adipisicing. Sunt sunt laboris ea ut irure labore labore occaecat labore. Est laborum sint minim tempor magna reprehenderit laboris aliqua amet. Sint pariatur anim aute Lorem aute cillum sint proident. Eu exercitation ea culpa ad irure ut consequat reprehenderit amet ullamco consequat esse. Occaecat excepteur fugiat nulla ipsum cupidatat aliqua excepteur adipisicing voluptate voluptate adipisicing non irure officia.
    </p>
  </section>,
]
`;
